
> web-api@1.0.0 test
> jest --detectOpenHandles

npm : (node:12932) [MONGODB DRIVER] Warning: useNewUrlParser is a deprecated 
option: useNewUrlParser has no effect since Node.js Driver version 4.0.0 and 
will be removed in the next major version
At line:1 char:29
+ cd "d:\Downloads\WEB API" ; npm test 2>&1 | Tee-Object -FilePath test ...
+                             ~~~~~~~~~~~~~
    + CategoryInfo          : NotSpecified: ((node:12932) [M...t major version 
   :String) [], RemoteException
    + FullyQualifiedErrorId : NativeCommandError
 
(Use `node --trace-warnings ...` to show where the warning was created)
(node:12932) [MONGODB DRIVER] Warning: useUnifiedTopology is a deprecated 
option: useUnifiedTopology has no effect since Node.js Driver version 4.0.0 
and will be removed in the next major version
FAIL tests/advancedQuerying.test.js (18.825 s)
  ΓùÅ Console

    console.log
      Γùç injected env (3) from .env // tip: Γùê encrypted .env 
[www.dotenvx.com]

      at _log (node_modules/dotenv/lib/main.js:131:11)

    console.log
      Γ£ô MongoDB connected successfully

      at Object.log (tests/advancedQuerying.test.js:38:15)

  ΓùÅ Advanced Querying - Filtering, Sorting, and Pagination ΓÇ║ Pagination 
ΓÇ║ should return paginated results with default page size

    expect(received).toBeDefined()

    Received: undefined

    [0m [90m 116 |[39m
     [90m 117 |[39m       expect(response[33m.[39mbody[33m.[39mdata)[33m
.[39mtoBeDefined()[33m;[39m
    [31m[1m>[22m[39m[90m 118 |[39m       expect(response[33m.[39mbody[
33m.[39mpagination)[33m.[39mtoBeDefined()[33m;[39m
     [90m     |[39m                                        
[31m[1m^[22m[39m
     [90m 119 |[39m       expect(response[33m.[39mbody[33m.[39mpagination
[33m.[39mcurrent_page)[33m.[39mtoBe([35m1[39m)[33m;[39m
     [90m 120 |[39m       expect(response[33m.[39mbody[33m.[39mpagination
[33m.[39mper_page)[33m.[39mtoBe([35m10[39m)[33m;[39m
     [90m 121 |[39m       expect(response[33m.[39mbody[33m.[39mpagination
[33m.[39mtotal)[33m.[39mtoBe([35m5[39m)[33m;[39m[0m

      at Object.toBeDefined (tests/advancedQuerying.test.js:118:40)

  ΓùÅ Advanced Querying - Filtering, Sorting, and Pagination ΓÇ║ Pagination 
ΓÇ║ should return correct page when page parameter is provided

    expect(received).toBe(expected) // Object.is equality

    Expected: 2
    Received: undefined

    [0m [90m 129 |[39m         [33m.[39mexpect([35m200[39m)[33m;[39m
     [90m 130 |[39m
    [31m[1m>[22m[39m[90m 131 |[39m       expect(response[33m.[39mbody[
33m.[39mdata[33m.[39mlength)[33m.[39mtoBe([35m2[39m)[33m;[39m
     [90m     |[39m                                         
[31m[1m^[22m[39m
     [90m 132 |[39m       expect(response[33m.[39mbody[33m.[39mpagination
[33m.[39mcurrent_page)[33m.[39mtoBe([35m1[39m)[33m;[39m
     [90m 133 |[39m       expect(response[33m.[39mbody[33m.[39mpagination
[33m.[39mper_page)[33m.[39mtoBe([35m2[39m)[33m;[39m
     [90m 134 |[39m       expect(response[33m.[39mbody[33m.[39mpagination
[33m.[39mtotal_pages)[33m.[39mtoBe([35m3[39m)[33m;[39m[0m

      at Object.toBe (tests/advancedQuerying.test.js:131:41)

  ΓùÅ Advanced Querying - Filtering, Sorting, and Pagination ΓÇ║ Pagination 
ΓÇ║ should have correct has_prev and has_next flags

    TypeError: Cannot read properties of undefined (reading 'has_prev')

    [0m [90m 141 |[39m         [33m.[39mexpect([35m200[39m)[33m;[39m
     [90m 142 |[39m
    [31m[1m>[22m[39m[90m 143 |[39m       expect(page1[33m.[39mbody[33m
.[39mpagination[33m.[39mhas_prev)[33m.[39mtoBe([36mfalse[39m)[33m;[39m
     [90m     |[39m                                    [31m[1m^[22m[39m
     [90m 144 |[39m       expect(page1[33m.[39mbody[33m.[39mpagination[3
3m.[39mhas_next)[33m.[39mtoBe([36mtrue[39m)[33m;[39m
     [90m 145 |[39m
     [90m 146 |[39m       [36mconst[39m page2 [33m=[39m [36mawait[39m 
request(app)[0m

      at Object.has_prev (tests/advancedQuerying.test.js:143:36)

  ΓùÅ Advanced Querying - Filtering, Sorting, and Pagination ΓÇ║ Pagination 
ΓÇ║ should limit maximum page size to 100

    TypeError: Cannot read properties of undefined (reading 'per_page')

    [0m [90m 157 |[39m         [33m.[39mexpect([35m200[39m)[33m;[39m
     [90m 158 |[39m
    [31m[1m>[22m[39m[90m 159 |[39m       expect(response[33m.[39mbody[
33m.[39mpagination[33m.[39mper_page)[33m.[39mtoBeLessThanOrEqual([35m100
[39m)[33m;[39m
     [90m     |[39m                                       
[31m[1m^[22m[39m
     [90m 160 |[39m     })[33m;[39m
     [90m 161 |[39m
     [90m 162 |[39m     test([32m'should default to page 1 if page is 
invalid'[39m[33m,[39m [36masync[39m () [33m=>[39m {[0m

      at Object.per_page (tests/advancedQuerying.test.js:159:39)

  ΓùÅ Advanced Querying - Filtering, Sorting, and Pagination ΓÇ║ Pagination 
ΓÇ║ should default to page 1 if page is invalid

    TypeError: Cannot read properties of undefined (reading 'current_page')

    [0m [90m 165 |[39m         [33m.[39mexpect([35m200[39m)[33m;[39m
     [90m 166 |[39m
    [31m[1m>[22m[39m[90m 167 |[39m       expect(response[33m.[39mbody[
33m.[39mpagination[33m.[39mcurrent_page)[33m.[39mtoBe([35m1[39m)[33m;[
39m
     [90m     |[39m                                       
[31m[1m^[22m[39m
     [90m 168 |[39m     })[33m;[39m
     [90m 169 |[39m   })[33m;[39m
     [90m 170 |[39m[0m

      at Object.current_page (tests/advancedQuerying.test.js:167:39)

  ΓùÅ Advanced Querying - Filtering, Sorting, and Pagination ΓÇ║ Filtering ΓÇ║ 
should filter by province

    expect(received).toBe(expected) // Object.is equality

    Expected: 3
    Received: undefined

    [0m [90m 175 |[39m         [33m.[39mexpect([35m200[39m)[33m;[39m
     [90m 176 |[39m
    [31m[1m>[22m[39m[90m 177 |[39m       expect(response[33m.[39mbody[
33m.[39mdata[33m.[39mlength)[33m.[39mtoBe([35m3[39m)[33m;[39m
     [90m     |[39m                                         
[31m[1m^[22m[39m
     [90m 178 |[39m       
expect(response[33m.[39mbody[33m.[39mdata[33m.[39mevery(t [33m=>[39m 
t[33m.[39mprovince [33m===[39m 
[32m'Bangkok'[39m))[33m.[39mtoBe([36mtrue[39m)[33m;[39m
     [90m 179 |[39m       expect(response[33m.[39mbody[33m.[39mpagination
[33m.[39mtotal)[33m.[39mtoBe([35m3[39m)[33m;[39m
     [90m 180 |[39m     })[33m;[39m[0m

      at Object.toBe (tests/advancedQuerying.test.js:177:41)

  ΓùÅ Advanced Querying - Filtering, Sorting, and Pagination ΓÇ║ Filtering ΓÇ║ 
should filter by district

    expect(received).toBe(expected) // Object.is equality

    Expected: 2
    Received: undefined

    [0m [90m 185 |[39m         [33m.[39mexpect([35m200[39m)[33m;[39m
     [90m 186 |[39m
    [31m[1m>[22m[39m[90m 187 |[39m       expect(response[33m.[39mbody[
33m.[39mdata[33m.[39mlength)[33m.[39mtoBe([35m2[39m)[33m;[39m
     [90m     |[39m                                         
[31m[1m^[22m[39m
     [90m 188 |[39m       
expect(response[33m.[39mbody[33m.[39mdata[33m.[39mevery(t [33m=>[39m 
t[33m.[39mdistrict [33m===[39m 
[32m'Sukhumvit'[39m))[33m.[39mtoBe([36mtrue[39m)[33m;[39m
     [90m 189 |[39m     })[33m;[39m
     [90m 190 |[39m[0m

      at Object.toBe (tests/advancedQuerying.test.js:187:41)

  ΓùÅ Advanced Querying - Filtering, Sorting, and Pagination ΓÇ║ Filtering ΓÇ║ 
should filter by multiple fields (province and district)

    expect(received).toBe(expected) // Object.is equality

    Expected: 2
    Received: undefined

    [0m [90m 194 |[39m         [33m.[39mexpect([35m200[39m)[33m;[39m
     [90m 195 |[39m
    [31m[1m>[22m[39m[90m 196 |[39m       expect(response[33m.[39mbody[
33m.[39mdata[33m.[39mlength)[33m.[39mtoBe([35m2[39m)[33m;[39m
     [90m     |[39m                                         
[31m[1m^[22m[39m
     [90m 197 |[39m       
expect(response[33m.[39mbody[33m.[39mdata[33m.[39mevery(t [33m=>[39m 
t[33m.[39mprovince [33m===[39m [32m'Bangkok'[39m [33m&&[39m 
t[33m.[39mdistrict [33m===[39m 
[32m'Sukhumvit'[39m))[33m.[39mtoBe([36mtrue[39m)[33m;[39m
     [90m 198 |[39m     })[33m;[39m
     [90m 199 |[39m[0m

      at Object.toBe (tests/advancedQuerying.test.js:196:41)

  ΓùÅ Advanced Querying - Filtering, Sorting, and Pagination ΓÇ║ Filtering ΓÇ║ 
should search registrationNumber case-insensitively

    expect(received).toBeGreaterThan(expected)

    Matcher error: received value must be a number or bigint

    Received has value: undefined

    [0m [90m 203 |[39m         [33m.[39mexpect([35m200[39m)[33m;[39m
     [90m 204 |[39m
    [31m[1m>[22m[39m[90m 205 |[39m       expect(response[33m.[39mbody[
33m.[39mdata[33m.[39mlength)[33m.[39mtoBeGreaterThan([35m0[39m)[33m;[3
9m
     [90m     |[39m                                         
[31m[1m^[22m[39m
     [90m 206 |[39m       
expect(response[33m.[39mbody[33m.[39mdata[33m.[39mevery(t [33m=>[39m t
[33m.[39mregistrationNumber[33m.[39mtoLowerCase()[33m.[39mincludes([32m'a
bc'[39m)))[33m.[39mtoBe([36mtrue[39m)[33m;[39m
     [90m 207 |[39m     })[33m;[39m
     [90m 208 |[39m[0m

      at Object.toBeGreaterThan (tests/advancedQuerying.test.js:205:41)

  ΓùÅ Advanced Querying - Filtering, Sorting, and Pagination ΓÇ║ Filtering ΓÇ║ 
should search ownerName case-insensitively

    TypeError: response.body.data.some is not a function

    [0m [90m 212 |[39m         [33m.[39mexpect([35m200[39m)[33m;[39m
     [90m 213 |[39m
    [31m[1m>[22m[39m[90m 214 |[39m       
expect(response[33m.[39mbody[33m.[39mdata[33m.[39msome(t [33m=>[39m t[
33m.[39mownerName[33m.[39mtoLowerCase()[33m.[39mincludes([32m'john'[39m)
))[33m.[39mtoBe([36mtrue[39m)[33m;[39m
     [90m     |[39m                                 [31m[1m^[22m[39m
     [90m 215 |[39m     })[33m;[39m
     [90m 216 |[39m
     [90m 217 |[39m     test([32m'should return empty results for 
non-matching filter'[39m[33m,[39m [36masync[39m () [33m=>[39m {[0m

      at Object.some (tests/advancedQuerying.test.js:214:33)

  ΓùÅ Advanced Querying - Filtering, Sorting, and Pagination ΓÇ║ Filtering ΓÇ║ 
should return empty results for non-matching filter

    expect(received).toBe(expected) // Object.is equality

    Expected: 0
    Received: undefined

    [0m [90m 220 |[39m         [33m.[39mexpect([35m200[39m)[33m;[39m
     [90m 221 |[39m
    [31m[1m>[22m[39m[90m 222 |[39m       expect(response[33m.[39mbody[
33m.[39mdata[33m.[39mlength)[33m.[39mtoBe([35m0[39m)[33m;[39m
     [90m     |[39m                                         
[31m[1m^[22m[39m
     [90m 223 |[39m       expect(response[33m.[39mbody[33m.[39mpagination
[33m.[39mtotal)[33m.[39mtoBe([35m0[39m)[33m;[39m
     [90m 224 |[39m     })[33m;[39m
     [90m 225 |[39m   })[33m;[39m[0m

      at Object.toBe (tests/advancedQuerying.test.js:222:41)

  ΓùÅ Advanced Querying - Filtering, Sorting, and Pagination ΓÇ║ Sorting ΓÇ║ 
should sort by registrationNumber ascending (default)

    TypeError: response.body.data.map is not a function

    [0m [90m 231 |[39m         [33m.[39mexpect([35m200[39m)[33m;[39m
     [90m 232 |[39m
    [31m[1m>[22m[39m[90m 233 |[39m       [36mconst[39m regNumbers 
[33m=[39m response[33m.[39mbody[33m.[39mdata[33m.[39mmap(t 
[33m=>[39m t[33m.[39mregistrationNumber)[33m;[39m
     [90m     |[39m                                             
[31m[1m^[22m[39m
     [90m 234 |[39m       [36mconst[39m sorted [33m=[39m 
[[33m...[39mregNumbers][33m.[39msort()[33m;[39m
     [90m 235 |[39m       
expect(regNumbers)[33m.[39mtoEqual(sorted)[33m;[39m
     [90m 236 |[39m     })[33m;[39m[0m

      at Object.map (tests/advancedQuerying.test.js:233:45)

  ΓùÅ Advanced Querying - Filtering, Sorting, and Pagination ΓÇ║ Sorting ΓÇ║ 
should sort by registrationNumber descending

    TypeError: response.body.data.map is not a function

    [0m [90m 241 |[39m         [33m.[39mexpect([35m200[39m)[33m;[39m
     [90m 242 |[39m
    [31m[1m>[22m[39m[90m 243 |[39m       [36mconst[39m regNumbers 
[33m=[39m response[33m.[39mbody[33m.[39mdata[33m.[39mmap(t 
[33m=>[39m t[33m.[39mregistrationNumber)[33m;[39m
     [90m     |[39m                                             
[31m[1m^[22m[39m
     [90m 244 |[39m       [36mconst[39m sorted [33m=[39m 
[[33m...[39mregNumbers][33m.[39msort()[33m.[39mreverse()[33m;[39m
     [90m 245 |[39m       
expect(regNumbers)[33m.[39mtoEqual(sorted)[33m;[39m
     [90m 246 |[39m     })[33m;[39m[0m

      at Object.map (tests/advancedQuerying.test.js:243:45)

  ΓùÅ Advanced Querying - Filtering, Sorting, and Pagination ΓÇ║ Sorting ΓÇ║ 
should sort by ownerName ascending

    TypeError: response.body.data.map is not a function

    [0m [90m 251 |[39m         [33m.[39mexpect([35m200[39m)[33m;[39m
     [90m 252 |[39m
    [31m[1m>[22m[39m[90m 253 |[39m       [36mconst[39m ownerNames 
[33m=[39m response[33m.[39mbody[33m.[39mdata[33m.[39mmap(t 
[33m=>[39m t[33m.[39mownerName)[33m;[39m
     [90m     |[39m                                             
[31m[1m^[22m[39m
     [90m 254 |[39m       [36mconst[39m sorted [33m=[39m 
[[33m...[39mownerNames][33m.[39msort()[33m;[39m
     [90m 255 |[39m       
expect(ownerNames)[33m.[39mtoEqual(sorted)[33m;[39m
     [90m 256 |[39m     })[33m;[39m[0m

      at Object.map (tests/advancedQuerying.test.js:253:45)

  ΓùÅ Advanced Querying - Filtering, Sorting, and Pagination ΓÇ║ Sorting ΓÇ║ 
should sort by province descending

    TypeError: response.body.data.map is not a function

    [0m [90m 261 |[39m         [33m.[39mexpect([35m200[39m)[33m;[39m
     [90m 262 |[39m
    [31m[1m>[22m[39m[90m 263 |[39m       [36mconst[39m provinces 
[33m=[39m response[33m.[39mbody[33m.[39mdata[33m.[39mmap(t 
[33m=>[39m t[33m.[39mprovince)[33m;[39m
     [90m     |[39m                                            
[31m[1m^[22m[39m
     [90m 264 |[39m       [36mconst[39m sorted [33m=[39m 
[[33m...[39mprovinces][33m.[39msort()[33m.[39mreverse()[33m;[39m
     [90m 265 |[39m       
expect(provinces)[33m.[39mtoEqual(sorted)[33m;[39m
     [90m 266 |[39m     })[33m;[39m[0m

      at Object.map (tests/advancedQuerying.test.js:263:44)

  ΓùÅ Advanced Querying - Filtering, Sorting, and Pagination ΓÇ║ Sorting ΓÇ║ 
should sort by multiple fields

    expect(received).toBeGreaterThan(expected)

    Matcher error: received value must be a number or bigint

    Received has value: undefined

    [0m [90m 272 |[39m
     [90m 273 |[39m       [90m// Verify it returns results[39m
    [31m[1m>[22m[39m[90m 274 |[39m       expect(response[33m.[39mbody[
33m.[39mdata[33m.[39mlength)[33m.[39mtoBeGreaterThan([35m0[39m)[33m;[3
9m
     [90m     |[39m                                         
[31m[1m^[22m[39m
     [90m 275 |[39m     })[33m;[39m
     [90m 276 |[39m   })[33m;[39m
     [90m 277 |[39m[0m

      at Object.toBeGreaterThan (tests/advancedQuerying.test.js:274:41)

  ΓùÅ Advanced Querying - Filtering, Sorting, and Pagination ΓÇ║ Combined 
Filtering, Sorting, and Pagination ΓÇ║ should filter, sort, and paginate 
together

    expect(received).toBe(expected) // Object.is equality

    Expected: 2
    Received: undefined

    [0m [90m 282 |[39m         [33m.[39mexpect([35m200[39m)[33m;[39m
     [90m 283 |[39m
    [31m[1m>[22m[39m[90m 284 |[39m       expect(response[33m.[39mbody[
33m.[39mdata[33m.[39mlength)[33m.[39mtoBe([35m2[39m)[33m;[39m
     [90m     |[39m                                         
[31m[1m^[22m[39m
     [90m 285 |[39m       
expect(response[33m.[39mbody[33m.[39mdata[33m.[39mevery(t [33m=>[39m 
t[33m.[39mprovince [33m===[39m 
[32m'Bangkok'[39m))[33m.[39mtoBe([36mtrue[39m)[33m;[39m
     [90m 286 |[39m       expect(response[33m.[39mbody[33m.[39mpagination
[33m.[39mcurrent_page)[33m.[39mtoBe([35m1[39m)[33m;[39m
     [90m 287 |[39m       expect(response[33m.[39mbody[33m.[39mpagination
[33m.[39mper_page)[33m.[39mtoBe([35m2[39m)[33m;[39m[0m

      at Object.toBe (tests/advancedQuerying.test.js:284:41)

  ΓùÅ Advanced Querying - Filtering, Sorting, and Pagination ΓÇ║ Combined 
Filtering, Sorting, and Pagination ΓÇ║ should apply filter and sort in 
province filter route

    TypeError: response.body.data.every is not a function

    [0m [90m 294 |[39m         [33m.[39mexpect([35m200[39m)[33m;[39m
     [90m 295 |[39m
    [31m[1m>[22m[39m[90m 296 |[39m       
expect(response[33m.[39mbody[33m.[39mdata[33m.[39mevery(t [33m=>[39m 
t[33m.[39mprovince [33m===[39m 
[32m'Bangkok'[39m))[33m.[39mtoBe([36mtrue[39m)[33m;[39m
     [90m     |[39m                                 [31m[1m^[22m[39m
     [90m 297 |[39m       expect(response[33m.[39mbody[33m.[39mpagination
[33m.[39mtotal)[33m.[39mtoBe([35m3[39m)[33m;[39m
     [90m 298 |[39m     })[33m;[39m
     [90m 299 |[39m[0m

      at Object.every (tests/advancedQuerying.test.js:296:33)

  ΓùÅ Advanced Querying - Filtering, Sorting, and Pagination ΓÇ║ Combined 
Filtering, Sorting, and Pagination ΓÇ║ should apply filter and sort in 
district filter route

    TypeError: response.body.data.every is not a function

    [0m [90m 303 |[39m         [33m.[39mexpect([35m200[39m)[33m;[39m
     [90m 304 |[39m
    [31m[1m>[22m[39m[90m 305 |[39m       
expect(response[33m.[39mbody[33m.[39mdata[33m.[39mevery(t [33m=>[39m 
t[33m.[39mdistrict [33m===[39m 
[32m'Sukhumvit'[39m))[33m.[39mtoBe([36mtrue[39m)[33m;[39m
     [90m     |[39m                                 [31m[1m^[22m[39m
     [90m 306 |[39m       expect(response[33m.[39mbody[33m.[39mpagination
[33m.[39mtotal)[33m.[39mtoBe([35m2[39m)[33m;[39m
     [90m 307 |[39m     })[33m;[39m
     [90m 308 |[39m   })[33m;[39m[0m

      at Object.every (tests/advancedQuerying.test.js:305:33)

  ΓùÅ Advanced Querying - Filtering, Sorting, and Pagination ΓÇ║ Response 
Format ΓÇ║ should include pagination metadata in response

    expect(received).toHaveProperty(path)

    Matcher error: received value must not be null nor undefined

    Received has value: undefined

    [0m [90m 314 |[39m         [33m.[39mexpect([35m200[39m)[33m;[39m
     [90m 315 |[39m
    [31m[1m>[22m[39m[90m 316 |[39m       expect(response[33m.[39mbody[
33m.[39mpagination)[33m.[39mtoHaveProperty([32m'current_page'[39m)[33m;[
39m
     [90m     |[39m                                        
[31m[1m^[22m[39m
     [90m 317 |[39m       expect(response[33m.[39mbody[33m.[39mpagination
)[33m.[39mtoHaveProperty([32m'per_page'[39m)[33m;[39m
     [90m 318 |[39m       expect(response[33m.[39mbody[33m.[39mpagination
)[33m.[39mtoHaveProperty([32m'total'[39m)[33m;[39m
     [90m 319 |[39m       expect(response[33m.[39mbody[33m.[39mpagination
)[33m.[39mtoHaveProperty([32m'total_pages'[39m)[33m;[39m[0m

      at Object.toHaveProperty (tests/advancedQuerying.test.js:316:40)

  ΓùÅ Advanced Querying - Filtering, Sorting, and Pagination ΓÇ║ Response 
Format ΓÇ║ should include filters in response when filters are applied

    expect(received).toBeDefined()

    Received: undefined

    [0m [90m 327 |[39m         [33m.[39mexpect([35m200[39m)[33m;[39m
     [90m 328 |[39m
    [31m[1m>[22m[39m[90m 329 |[39m       expect(response[33m.[39mbody[
33m.[39mfilters)[33m.[39mtoBeDefined()[33m;[39m
     [90m     |[39m                                     [31m[1m^[22m[39m
     [90m 330 |[39m       expect(response[33m.[39mbody[33m.[39mfilters[3
3m.[39mprovince)[33m.[39mtoBe([32m'Bangkok'[39m)[33m;[39m
     [90m 331 |[39m     })[33m;[39m
     [90m 332 |[39m[0m

      at Object.toBeDefined (tests/advancedQuerying.test.js:329:37)

  ΓùÅ Advanced Querying - Filtering, Sorting, and Pagination ΓÇ║ Response 
Format ΓÇ║ should include sort in response when sort is applied

    expect(received).toBeDefined()

    Received: undefined

    [0m [90m 336 |[39m         [33m.[39mexpect([35m200[39m)[33m;[39m
     [90m 337 |[39m
    [31m[1m>[22m[39m[90m 338 |[39m       expect(response[33m.[39mbody[
33m.[39msort)[33m.[39mtoBeDefined()[33m;[39m
     [90m     |[39m                                  [31m[1m^[22m[39m
     [90m 339 |[39m       expect(response[33m.[39mbody[33m.[39msort[33m.
[39mregistrationNumber)[33m.[39mtoBe([33m-[39m[35m1[39m)[33m;[39m
     [90m 340 |[39m     })[33m;[39m
     [90m 341 |[39m[0m

      at Object.toBeDefined (tests/advancedQuerying.test.js:338:34)

  ΓùÅ Advanced Querying - Filtering, Sorting, and Pagination ΓÇ║ Response 
Format ΓÇ║ should have null filters and sort when none are applied

    expect(received).toBeNull()

    Received: undefined

    [0m [90m 345 |[39m         [33m.[39mexpect([35m200[39m)[33m;[39m
     [90m 346 |[39m
    [31m[1m>[22m[39m[90m 347 |[39m       expect(response[33m.[39mbody[
33m.[39mfilters)[33m.[39mtoBeNull()[33m;[39m
     [90m     |[39m                                     [31m[1m^[22m[39m
     [90m 348 |[39m       
expect(response[33m.[39mbody[33m.[39msort)[33m.[39mtoBeNull()[33m;[39m
     [90m 349 |[39m     })[33m;[39m
     [90m 350 |[39m   })[33m;[39m[0m

      at Object.toBeNull (tests/advancedQuerying.test.js:347:37)

(node:12932) [MONGODB DRIVER] Warning: useNewUrlParser is a deprecated option: 
useNewUrlParser has no effect since Node.js Driver version 4.0.0 and will be 
removed in the next major version
(node:12932) [MONGODB DRIVER] Warning: useUnifiedTopology is a deprecated 
option: useUnifiedTopology has no effect since Node.js Driver version 4.0.0 
and will be removed in the next major version
FAIL tests/tukTuk.test.js (7.213 s)
  ΓùÅ Console

    console.log
      Γùç injected env (3) from .env // tip: Γùê secrets for agents 
[www.dotenvx.com]

      at _log (node_modules/dotenv/lib/main.js:131:11)

    console.error
      Setup error: MongoServerError: E11000 duplicate key error collection: 
test.users index: username_1 dup key: { username: "admin" }
          at InsertOneOperation.handleOk (D:\Downloads\WEB 
API\node_modules\mongodb\src\operations\insert.ts:79:13)
          at tryOperation (D:\Downloads\WEB 
API\node_modules\mongodb\src\operations\execute_operation.ts:290:26)
          at processTicksAndRejections (node:internal/process/task_queues:95:5)
          at executeOperation (D:\Downloads\WEB 
API\node_modules\mongodb\src\operations\execute_operation.ts:119:12)
          at Collection.insertOne (D:\Downloads\WEB 
API\node_modules\mongodb\src\collection.ts:294:12) {
        errorLabelSet: Set(0) {},
        errorResponse: {
          index: 0,
          code: 11000,
          errmsg: 'E11000 duplicate key error collection: test.users index: 
username_1 dup key: { username: "admin" }',
          keyPattern: { username: 1 },
          keyValue: { username: 'admin' }
        },
        index: 0,
        code: 11000,
        keyPattern: { username: 1 },
        keyValue: { username: 'admin' }
      }

    [0m [90m 67 |[39m     officerToken [33m=[39m 
officerRes[33m.[39mbody[33m.[39mdata[33m.[39mtoken[33m;[39m
     [90m 68 |[39m   } [36mcatch[39m (error) {
    [31m[1m>[22m[39m[90m 69 |[39m     
console[33m.[39merror([32m'Setup error:'[39m[33m,[39m error)[33m;[39m
     [90m    |[39m             [31m[1m^[22m[39m
     [90m 70 |[39m   }
     [90m 71 |[39m })[33m;[39m
     [90m 72 |[39m[0m

      at Object.error (tests/tukTuk.test.js:69:13)

  ΓùÅ Tuk-Tuk Routes ΓÇ║ POST /api/tuk-tuks/register ΓÇ║ Should register new 
tuk-tuk (Admin only)

    expect(received).toBe(expected) // Object.is equality

    Expected: 201
    Received: 401

    [0m [90m 101 |[39m         })[33m;[39m
     [90m 102 |[39m
    [31m[1m>[22m[39m[90m 103 |[39m       
expect(response[33m.[39mstatus)[33m.[39mtoBe([35m201[39m)[33m;[39m
     [90m     |[39m                               [31m[1m^[22m[39m
     [90m 104 |[39m       expect(response[33m.[39mbody)[33m.[39mtoHavePro
perty([32m'success'[39m[33m,[39m [36mtrue[39m)[33m;[39m
     [90m 105 |[39m       expect(response[33m.[39mbody[33m.[39mdata)[33m
.[39mtoHaveProperty([32m'registrationNumber'[39m[33m,[39m 
[32m'ABC-1234'[39m)[33m;[39m
     [90m 106 |[39m       expect(response[33m.[39mbody[33m.[39mdata)[33m
.[39mtoHaveProperty([32m'province'[39m[33m,[39m 
[32m'Western'[39m)[33m;[39m[0m

      at Object.toBe (tests/tukTuk.test.js:103:31)

  ΓùÅ Tuk-Tuk Routes ΓÇ║ POST /api/tuk-tuks/register ΓÇ║ Should return 403 for 
non-admin users

    expect(received).toBe(expected) // Object.is equality

    Expected: 403
    Received: 401

    [0m [90m 122 |[39m         })[33m;[39m
     [90m 123 |[39m
    [31m[1m>[22m[39m[90m 124 |[39m       
expect(response[33m.[39mstatus)[33m.[39mtoBe([35m403[39m)[33m;[39m
     [90m     |[39m                               [31m[1m^[22m[39m
     [90m 125 |[39m       expect(response[33m.[39mbody)[33m.[39mtoHavePro
perty([32m'success'[39m[33m,[39m [36mfalse[39m)[33m;[39m
     [90m 126 |[39m       expect(response[33m.[39mbody)[33m.[39mtoHavePro
perty([32m'error'[39m[33m,[39m [32m'Access denied'[39m)[33m;[39m
     [90m 127 |[39m     })[33m;[39m[0m

      at Object.toBe (tests/tukTuk.test.js:124:31)

  ΓùÅ Tuk-Tuk Routes ΓÇ║ POST /api/tuk-tuks/register ΓÇ║ Should return 400 if 
required fields are missing

    expect(received).toBe(expected) // Object.is equality

    Expected: 400
    Received: 401

    [0m [90m 136 |[39m         })[33m;[39m
     [90m 137 |[39m
    [31m[1m>[22m[39m[90m 138 |[39m       
expect(response[33m.[39mstatus)[33m.[39mtoBe([35m400[39m)[33m;[39m
     [90m     |[39m                               [31m[1m^[22m[39m
     [90m 139 |[39m       expect(response[33m.[39mbody)[33m.[39mtoHavePro
perty([32m'success'[39m[33m,[39m [36mfalse[39m)[33m;[39m
     [90m 140 |[39m       expect(response[33m.[39mbody)[33m.[39mtoHavePro
perty([32m'error'[39m[33m,[39m [32m'Validation failed'[39m)[33m;[39m
     [90m 141 |[39m       expect(response[33m.[39mbody)[33m.[39mtoHavePro
perty([32m'details'[39m)[33m;[39m[0m

      at Object.toBe (tests/tukTuk.test.js:138:31)

  ΓùÅ Tuk-Tuk Routes ΓÇ║ GET /api/tuk-tuks ΓÇ║ Should get all tuk-tuks 
(Authenticated user)

    expect(received).toBe(expected) // Object.is equality

    Expected: 200
    Received: 401

    [0m [90m 190 |[39m         
[33m.[39m[36mset[39m([32m'Authorization'[39m[33m,[39m [32m`Bearer 
${officerToken}`[39m)[33m;[39m
     [90m 191 |[39m
    [31m[1m>[22m[39m[90m 192 |[39m       
expect(response[33m.[39mstatus)[33m.[39mtoBe([35m200[39m)[33m;[39m
     [90m     |[39m                               [31m[1m^[22m[39m
     [90m 193 |[39m       expect(response[33m.[39mbody)[33m.[39mtoHavePro
perty([32m'success'[39m[33m,[39m [36mtrue[39m)[33m;[39m
     [90m 194 |[39m       expect([33mArray[39m[33m.[39misArray(response[
33m.[39mbody[33m.[39mdata))[33m.[39mtoBe([36mtrue[39m)[33m;[39m
     [90m 195 |[39m       expect(response[33m.[39mbody[33m.[39mdata[33m.
[39mlength)[33m.[39mtoBe([35m3[39m)[33m;[39m[0m

      at Object.toBe (tests/tukTuk.test.js:192:31)

  ΓùÅ Tuk-Tuk Routes ΓÇ║ GET /api/tuk-tuks/:id ΓÇ║ Should get tuk-tuk by ID

    expect(received).toBe(expected) // Object.is equality

    Expected: 200
    Received: 401

    [0m [90m 224 |[39m         
[33m.[39m[36mset[39m([32m'Authorization'[39m[33m,[39m [32m`Bearer 
${officerToken}`[39m)[33m;[39m
     [90m 225 |[39m
    [31m[1m>[22m[39m[90m 226 |[39m       
expect(response[33m.[39mstatus)[33m.[39mtoBe([35m200[39m)[33m;[39m
     [90m     |[39m                               [31m[1m^[22m[39m
     [90m 227 |[39m       expect(response[33m.[39mbody)[33m.[39mtoHavePro
perty([32m'success'[39m[33m,[39m [36mtrue[39m)[33m;[39m
     [90m 228 |[39m       expect(response[33m.[39mbody[33m.[39mdata)[33m
.[39mtoHaveProperty([32m'registrationNumber'[39m[33m,[39m 
[32m'CAB-100'[39m)[33m;[39m
     [90m 229 |[39m       expect(response[33m.[39mbody[33m.[39mdata)[33m
.[39mtoHaveProperty([32m'ownerName'[39m[33m,[39m 
[32m'TestOwner'[39m)[33m;[39m[0m

      at Object.toBe (tests/tukTuk.test.js:226:31)

  ΓùÅ Tuk-Tuk Routes ΓÇ║ GET /api/tuk-tuks/:id ΓÇ║ Should return 404 for 
non-existent tuk-tuk

    expect(received).toBe(expected) // Object.is equality

    Expected: 404
    Received: 401

    [0m [90m 236 |[39m         
[33m.[39m[36mset[39m([32m'Authorization'[39m[33m,[39m [32m`Bearer 
${officerToken}`[39m)[33m;[39m
     [90m 237 |[39m
    [31m[1m>[22m[39m[90m 238 |[39m       
expect(response[33m.[39mstatus)[33m.[39mtoBe([35m404[39m)[33m;[39m
     [90m     |[39m                               [31m[1m^[22m[39m
     [90m 239 |[39m       expect(response[33m.[39mbody)[33m.[39mtoHavePro
perty([32m'success'[39m[33m,[39m [36mfalse[39m)[33m;[39m
     [90m 240 |[39m       expect(response[33m.[39mbody)[33m.[39mtoHavePro
perty([32m'error'[39m[33m,[39m [32m'Tuk-tuk not found'[39m)[33m;[39m
     [90m 241 |[39m     })[33m;[39m[0m

      at Object.toBe (tests/tukTuk.test.js:238:31)

  ΓùÅ Tuk-Tuk Routes ΓÇ║ GET /api/tuk-tuks/filter/province/:province ΓÇ║ 
Should filter tuk-tuks by province

    expect(received).toBe(expected) // Object.is equality

    Expected: 200
    Received: 401

    [0m [90m 275 |[39m         
[33m.[39m[36mset[39m([32m'Authorization'[39m[33m,[39m [32m`Bearer 
${officerToken}`[39m)[33m;[39m
     [90m 276 |[39m
    [31m[1m>[22m[39m[90m 277 |[39m       
expect(response[33m.[39mstatus)[33m.[39mtoBe([35m200[39m)[33m;[39m
     [90m     |[39m                               [31m[1m^[22m[39m
     [90m 278 |[39m       expect(response[33m.[39mbody)[33m.[39mtoHavePro
perty([32m'success'[39m[33m,[39m [36mtrue[39m)[33m;[39m
     [90m 279 |[39m       expect([33mArray[39m[33m.[39misArray(response[
33m.[39mbody[33m.[39mdata))[33m.[39mtoBe([36mtrue[39m)[33m;[39m
     [90m 280 |[39m       expect(response[33m.[39mbody[33m.[39mdata[33m.
[39mlength)[33m.[39mtoBe([35m2[39m)[33m;[39m[0m

      at Object.toBe (tests/tukTuk.test.js:277:31)

  ΓùÅ Tuk-Tuk Routes ΓÇ║ GET /api/tuk-tuks/filter/province/:province ΓÇ║ 
Should return 404 if no tuk-tuks found in province

    expect(received).toBe(expected) // Object.is equality

    Expected: 404
    Received: 401

    [0m [90m 289 |[39m         
[33m.[39m[36mset[39m([32m'Authorization'[39m[33m,[39m [32m`Bearer 
${officerToken}`[39m)[33m;[39m
     [90m 290 |[39m
    [31m[1m>[22m[39m[90m 291 |[39m       
expect(response[33m.[39mstatus)[33m.[39mtoBe([35m404[39m)[33m;[39m
     [90m     |[39m                               [31m[1m^[22m[39m
     [90m 292 |[39m       expect(response[33m.[39mbody)[33m.[39mtoHavePro
perty([32m'success'[39m[33m,[39m [36mfalse[39m)[33m;[39m
     [90m 293 |[39m       expect(response[33m.[39mbody)[33m.[39mtoHavePro
perty([32m'error'[39m[33m,[39m [32m'No tuk-tuks found in this 
province'[39m)[33m;[39m
     [90m 294 |[39m     })[33m;[39m[0m

      at Object.toBe (tests/tukTuk.test.js:291:31)

  ΓùÅ Tuk-Tuk Routes ΓÇ║ GET /api/tuk-tuks/filter/district/:district ΓÇ║ 
Should filter tuk-tuks by district

    expect(received).toBe(expected) // Object.is equality

    Expected: 200
    Received: 401

    [0m [90m 328 |[39m         
[33m.[39m[36mset[39m([32m'Authorization'[39m[33m,[39m [32m`Bearer 
${officerToken}`[39m)[33m;[39m
     [90m 329 |[39m
    [31m[1m>[22m[39m[90m 330 |[39m       
expect(response[33m.[39mstatus)[33m.[39mtoBe([35m200[39m)[33m;[39m
     [90m     |[39m                               [31m[1m^[22m[39m
     [90m 331 |[39m       expect(response[33m.[39mbody)[33m.[39mtoHavePro
perty([32m'success'[39m[33m,[39m [36mtrue[39m)[33m;[39m
     [90m 332 |[39m       expect([33mArray[39m[33m.[39misArray(response[
33m.[39mbody[33m.[39mdata))[33m.[39mtoBe([36mtrue[39m)[33m;[39m
     [90m 333 |[39m       expect(response[33m.[39mbody[33m.[39mdata[33m.
[39mlength)[33m.[39mtoBe([35m2[39m)[33m;[39m[0m

      at Object.toBe (tests/tukTuk.test.js:330:31)

  ΓùÅ Tuk-Tuk Routes ΓÇ║ GET /api/tuk-tuks/filter/district/:district ΓÇ║ 
Should return 404 if no tuk-tuks found in district

    expect(received).toBe(expected) // Object.is equality

    Expected: 404
    Received: 401

    [0m [90m 342 |[39m         
[33m.[39m[36mset[39m([32m'Authorization'[39m[33m,[39m [32m`Bearer 
${officerToken}`[39m)[33m;[39m
     [90m 343 |[39m
    [31m[1m>[22m[39m[90m 344 |[39m       
expect(response[33m.[39mstatus)[33m.[39mtoBe([35m404[39m)[33m;[39m
     [90m     |[39m                               [31m[1m^[22m[39m
     [90m 345 |[39m       expect(response[33m.[39mbody)[33m.[39mtoHavePro
perty([32m'success'[39m[33m,[39m [36mfalse[39m)[33m;[39m
     [90m 346 |[39m       expect(response[33m.[39mbody)[33m.[39mtoHavePro
perty([32m'error'[39m[33m,[39m [32m'No tuk-tuks found in this 
district'[39m)[33m;[39m
     [90m 347 |[39m     })[33m;[39m[0m

      at Object.toBe (tests/tukTuk.test.js:344:31)

  ΓùÅ Tuk-Tuk Routes ΓÇ║ PUT /api/tuk-tuks/:id/update-location ΓÇ║ Should 
update tuk-tuk location (Real-time tracking)

    expect(received).toBe(expected) // Object.is equality

    Expected: 200
    Received: 401

    [0m [90m 374 |[39m         })[33m;[39m
     [90m 375 |[39m
    [31m[1m>[22m[39m[90m 376 |[39m       
expect(response[33m.[39mstatus)[33m.[39mtoBe([35m200[39m)[33m;[39m
     [90m     |[39m                               [31m[1m^[22m[39m
     [90m 377 |[39m       expect(response[33m.[39mbody)[33m.[39mtoHavePro
perty([32m'success'[39m[33m,[39m [36mtrue[39m)[33m;[39m
     [90m 378 |[39m       expect(response[33m.[39mbody[33m.[39mdata)[33m
.[39mtoHaveProperty([32m'lastKnownLocation'[39m)[33m;[39m
     [90m 379 |[39m[0m

      at Object.toBe (tests/tukTuk.test.js:376:31)

  ΓùÅ Tuk-Tuk Routes ΓÇ║ PUT /api/tuk-tuks/:id/update-location ΓÇ║ Should 
create location history entry on update

    expect(received).toBeGreaterThan(expected)

    Expected: > 0
    Received:   0

    [0m [90m 396 |[39m
     [90m 397 |[39m       [36mconst[39m history [33m=[39m 
[36mawait[39m [33mLocationHistory[39m[33m.[39mfind({ tukTukId 
})[33m;[39m
    [31m[1m>[22m[39m[90m 398 |[39m       expect(history[33m.[39mlength)
[33m.[39mtoBeGreaterThan([35m0[39m)[33m;[39m
     [90m     |[39m                              [31m[1m^[22m[39m
     [90m 399 |[39m     })[33m;[39m
     [90m 400 |[39m
     [90m 401 |[39m     test([32m'Should return 400 if coordinates are 
missing'[39m[33m,[39m [36masync[39m () [33m=>[39m {[0m

      at Object.toBeGreaterThan (tests/tukTuk.test.js:398:30)

  ΓùÅ Tuk-Tuk Routes ΓÇ║ PUT /api/tuk-tuks/:id/update-location ΓÇ║ Should 
return 400 if coordinates are missing

    expect(received).toBe(expected) // Object.is equality

    Expected: 400
    Received: 401

    [0m [90m 408 |[39m         })[33m;[39m
     [90m 409 |[39m
    [31m[1m>[22m[39m[90m 410 |[39m       
expect(response[33m.[39mstatus)[33m.[39mtoBe([35m400[39m)[33m;[39m
     [90m     |[39m                               [31m[1m^[22m[39m
     [90m 411 |[39m       expect(response[33m.[39mbody)[33m.[39mtoHavePro
perty([32m'success'[39m[33m,[39m [36mfalse[39m)[33m;[39m
     [90m 412 |[39m       expect(response[33m.[39mbody)[33m.[39mtoHavePro
perty([32m'error'[39m[33m,[39m [32m'Validation failed'[39m)[33m;[39m
     [90m 413 |[39m       expect(response[33m.[39mbody)[33m.[39mtoHavePro
perty([32m'details'[39m)[33m;[39m[0m

      at Object.toBe (tests/tukTuk.test.js:410:31)

  ΓùÅ Tuk-Tuk Routes ΓÇ║ PUT /api/tuk-tuks/:id/update-location ΓÇ║ Should 
return 404 for non-existent tuk-tuk

    expect(received).toBe(expected) // Object.is equality

    Expected: 404
    Received: 401

    [0m [90m 424 |[39m         })[33m;[39m
     [90m 425 |[39m
    [31m[1m>[22m[39m[90m 426 |[39m       
expect(response[33m.[39mstatus)[33m.[39mtoBe([35m404[39m)[33m;[39m
     [90m     |[39m                               [31m[1m^[22m[39m
     [90m 427 |[39m       expect(response[33m.[39mbody)[33m.[39mtoHavePro
perty([32m'success'[39m[33m,[39m [36mfalse[39m)[33m;[39m
     [90m 428 |[39m       expect(response[33m.[39mbody)[33m.[39mtoHavePro
perty([32m'error'[39m[33m,[39m [32m'Tuk-tuk not found'[39m)[33m;[39m
     [90m 429 |[39m     })[33m;[39m[0m

      at Object.toBe (tests/tukTuk.test.js:426:31)

  ΓùÅ Tuk-Tuk Routes ΓÇ║ PUT /api/tuk-tuks/:id/update-location ΓÇ║ Should 
record speed and accuracy in location history

    TypeError: Cannot read properties of null (reading 'speed')

    [0m [90m 441 |[39m
     [90m 442 |[39m       [36mconst[39m history [33m=[39m 
[36mawait[39m [33mLocationHistory[39m[33m.[39mfindOne({ tukTukId 
})[33m;[39m
    [31m[1m>[22m[39m[90m 443 |[39m       
expect(history[33m.[39mspeed)[33m.[39mtoBe([35m60[39m)[33m;[39m
     [90m     |[39m                      [31m[1m^[22m[39m
     [90m 444 |[39m       
expect(history[33m.[39maccuracy)[33m.[39mtoBe([35m10[39m)[33m;[39m
     [90m 445 |[39m     })[33m;[39m
     [90m 446 |[39m   })[33m;[39m[0m

      at Object.speed (tests/tukTuk.test.js:443:22)

(node:12932) [MONGODB DRIVER] Warning: useNewUrlParser is a deprecated option: 
useNewUrlParser has no effect since Node.js Driver version 4.0.0 and will be 
removed in the next major version
(node:12932) [MONGODB DRIVER] Warning: useUnifiedTopology is a deprecated 
option: useUnifiedTopology has no effect since Node.js Driver version 4.0.0 
and will be removed in the next major version
PASS tests/auth.test.js (8.145 s)
  ΓùÅ Console

    console.log
      Γùç injected env (3) from .env // tip: Γîÿ multiple files { path: 
['.env.local', '.env'] }

      at _log (node_modules/dotenv/lib/main.js:131:11)


Test Suites: 2 failed, 1 passed, 3 total
Tests:       38 failed, 16 passed, 54 total
Snapshots:   0 total
Time:        35.429 s
Ran all test suites.
