
> web-api@1.0.0 test
> jest --detectOpenHandles

npm : (node:22312) [MONGODB DRIVER] Warning: useNewUrlParser is a deprecated 
option: useNewUrlParser has no effect since Node.js Driver version 4.0.0 and 
will be removed in the next major version
At line:1 char:29
+ cd "d:\Downloads\WEB API" ; npm test 2>&1 | Tee-Object test-results.t ...
+                             ~~~~~~~~~~~~~
    + CategoryInfo          : NotSpecified: ((node:22312) [M...t major version 
   :String) [], RemoteException
    + FullyQualifiedErrorId : NativeCommandError
 
(Use `node --trace-warnings ...` to show where the warning was created)
(node:22312) [MONGODB DRIVER] Warning: useUnifiedTopology is a deprecated 
option: useUnifiedTopology has no effect since Node.js Driver version 4.0.0 
and will be removed in the next major version
PASS tests/advancedQuerying.test.js (20.233 s)
  ΓùÅ Console

    console.log
      Γùç injected env (3) from .env // tip: Γîÿ enable debugging { debug: 
true }

      at _log (node_modules/dotenv/lib/main.js:131:11)

    console.log
      Γ£ô MongoDB connected successfully

      at Object.log (tests/advancedQuerying.test.js:38:15)

(node:22312) [MONGODB DRIVER] Warning: useNewUrlParser is a deprecated option: 
useNewUrlParser has no effect since Node.js Driver version 4.0.0 and will be 
removed in the next major version
(node:22312) [MONGODB DRIVER] Warning: useUnifiedTopology is a deprecated 
option: useUnifiedTopology has no effect since Node.js Driver version 4.0.0 
and will be removed in the next major version
PASS tests/tukTuk.test.js (10.604 s)
  ΓùÅ Console

    console.log
      Γùç injected env (3) from .env // tip: Γîÿ suppress logs { quiet: true }

      at _log (node_modules/dotenv/lib/main.js:131:11)

(node:22312) [MONGODB DRIVER] Warning: useNewUrlParser is a deprecated option: 
useNewUrlParser has no effect since Node.js Driver version 4.0.0 and will be 
removed in the next major version
(node:22312) [MONGODB DRIVER] Warning: useUnifiedTopology is a deprecated 
option: useUnifiedTopology has no effect since Node.js Driver version 4.0.0 
and will be removed in the next major version
PASS tests/auth.test.js (7.843 s)
  ΓùÅ Console

    console.log
      Γùç injected env (3) from .env // tip: Γîÿ custom filepath { path: 
'/custom/path/.env' }

      at _log (node_modules/dotenv/lib/main.js:131:11)


Test Suites: 3 passed, 3 total
Tests:       54 passed, 54 total
Snapshots:   0 total
Time:        39.295 s
Ran all test suites.
